2026-02-03 22:17:03 | agentic_workflow.py
------------------------------------------------------------



            ------------------------------------------------------------ 
            STEPS:


            ['1. Break down each user story into specific tasks', '2. Assign tasks to team members based on their expertise', '3. Set deadlines for each task', '4. Monitor progress of tasks regularly', '5. Conduct code reviews and testing for completed tasks', '6. Address any issues or bugs found during testing', '7. Integrate completed tasks into the product', '8. Ensure overall product functionality and quality', '9. Prepare for product release and deployment']
            ------------------------------------------------------------

2026-02-03 22:21:59 | agentic_workflow.py
------------------------------------------------------------
step: 1. Break down each user story into specific tasks
response:
To break down each user story into specific tasks, you can follow these steps:

1. Task ID: Assign a unique identifier to each task to distinguish one task from another.
2. Related User Story Reference: Clearly state which user story the task is related to.
3. Description: Provide a clear and concise description of the task, outlining what needs to be done.
4. Acceptance Criteria: List specific and measurable criteria that need to be met for the task to be considered complete.
5. Estimated Effort: Provide an estimate of the time and resources required to complete the task.
6. Dependencies: Identify any dependencies that the task may have on other tasks, resources, or external factors.

step: 2. Assign tasks to team members based on their expertise
response:
Task ID: 1
Task Title: Front-end Development
Related User Story: As a user, I want a visually appealing and user-friendly interface to navigate the application easily.
Description: Develop the front-end components of the application, including designing and implementing user interfaces.
Acceptance Criteria: User interface is visually appealing, easy to navigate, and responsive on different devices.
Estimated Effort: 20 hours
Dependencies: None

Task ID: 2
Task Title: Back-end Development
Related User Story: As a user, I want the application to securely store and manage my data.
Description: Develop the back-end components of the application, including database management and server-side logic.
Acceptance Criteria: Data is securely stored, managed, and accessible only to authorized users.
Estimated Effort: 25 hours
Dependencies: None

Task ID: 3
Task Title: Testing
Related User Story: As a user, I want the application to be bug-free and reliable.
Description: Conduct thorough testing of both front-end and back-end components to ensure the application functions as expected.
Acceptance Criteria: All identified bugs are fixed, and the application meets performance and reliability standards.
Estimated Effort: 15 hours
Dependencies: Front-end and back-end development tasks must be completed.

Task ID: 4
Task Title: Integration
Related User Story: As a user, I want all components of the application to work seamlessly together.
Description: Integrate front-end and back-end components to ensure they communicate effectively and function as a cohesive system.
Acceptance Criteria: Front-end and back-end components work together seamlessly without any issues.
Estimated Effort: 10 hours
Dependencies: Front-end and back-end development tasks must be completed.

Task ID: 5
Task Title: Deployment
Related User Story: As a user, I want the application to be accessible online.
Description: Deploy the application to a server to make it accessible to users over the internet.
Acceptance Criteria: The application is successfully deployed and accessible online.
Estimated Effort: 5 hours
Dependencies: Integration task must be completed.

step: 3. Set deadlines for each task
response:
To set deadlines for each task in a project, it is important to follow a structured approach. This involves breaking down the user stories into specific development tasks and estimating the time required to complete each task. By focusing on the essential components needed to implement the user stories, you can set realistic deadlines for each task and ensure the project stays on track.

step: 4. Monitor progress of tasks regularly
response:
To monitor progress of tasks regularly, you should:

1. Task ID: Assign a unique identifier to each task for tracking purposes.
2. Task Title: Clearly state the title of the task to indicate what needs to be done.
3. Related User Story: Link the task to the user story or requirement it addresses.
4. Description: Provide a detailed description of the task, including its purpose and scope.
5. Acceptance Criteria: Define the criteria that must be met for the task to be considered complete.
6. Estimated Effort: Estimate the time or resources required to complete the task.
7. Dependencies: Identify any dependencies that may impact the task's execution.

step: 5. Conduct code reviews and testing for completed tasks
response:
Task ID: 5
Task Title: Conduct code reviews and testing for completed tasks

Related User Story: As a Development Engineer, I want to conduct code reviews and testing for completed tasks to ensure the quality and functionality of the code.

Description: Code reviews and testing are essential steps in the development process to ensure the quality, reliability, and functionality of the code. Code reviews involve examining the code written by team members to identify any potential issues, ensure adherence to coding standards, and provide feedback for improvement. Testing involves running various tests on the code to check for bugs, errors, and overall functionality.

Acceptance Criteria:
1. Code reviews should be conducted for all completed tasks before moving to the next stage of development.
2. Testing should include unit testing, integration testing, and system testing to ensure comprehensive coverage.
3. Tools such as code review tools, testing frameworks, and automation tools should be utilized for efficient and effective code reviews and testing.

Effort Estimate: The effort required to implement code reviews and testing effectively will depend on the size and complexity of the codebase. It is important to allocate sufficient time for thorough reviews and testing to ensure the quality of the code.

Dependencies: The successful implementation of code reviews and testing may depend on the availability of team members for reviews, access to necessary testing tools, and adherence to coding standards throughout the development process.

step: 6. Address any issues or bugs found during testing
response:
To address any issues or bugs found during testing, the following development tasks should be defined:

Task 1: 
- Task Title: Document issues
- Related User Story: As a team member, I want all identified issues to be documented in a centralized system so that they can be tracked and resolved efficiently.
- Description: Document all issues and bugs found during testing in a centralized system.
- Acceptance Criteria: All identified issues are documented with clear descriptions and steps to reproduce.
- Estimated Effort: 1 day
- Dependencies: None

Task 2: 
- Task Title: Prioritize issues
- Related User Story: As a team member, I want the documented issues to be prioritized based on severity and impact on the software so that critical issues are addressed first.
- Description: Prioritize the documented issues based on severity and impact on the software.
- Acceptance Criteria: Issues are prioritized according to severity levels defined by the team.
- Estimated Effort: 0.5 days
- Dependencies: Task 1

Task 3: 
- Task Title: Assign issues to developers
- Related User Story: As a team member, I want each prioritized issue to be assigned to a developer for resolution so that progress can be tracked effectively.
- Description: Assign each prioritized issue to a developer for resolution.
- Acceptance Criteria: Each developer is assigned a specific set of issues to work on.
- Estimated Effort: 0.5 days
- Dependencies: Task 2

Task 4: 
- Task Title: Track issue resolution progress
- Related User Story: As a team member, I want the progress of fixing each issue assigned to developers to be tracked so that any roadblocks can be addressed promptly.
- Description: Track the progress of fixing each issue assigned to developers.
- Acceptance Criteria: Regular updates on the status of issue resolution are provided.
- Estimated Effort: Ongoing
- Dependencies: Task 3

Task 5: 
- Task Title: Communicate with the development team
- Related User Story: As a team member, I want effective communication with the development team to ensure timely issue resolution.
- Description: Communicate effectively with the development team to ensure timely issue resolution.
- Acceptance Criteria: Regular meetings or updates are held to discuss issue resolution progress.
- Estimated Effort: Ongoing
- Dependencies: Task 4

Task 6: 
- Task Title: Conduct regression testing
- Related User Story: As a team member, I want thorough regression testing to be conducted to ensure that fixing one issue does not introduce new bugs.
- Description: Conduct thorough regression testing to ensure that fixing one issue does not introduce new bugs.
- Acceptance Criteria: Regression testing is completed without any new issues being introduced.
- Estimated Effort: 1 day
- Dependencies: Resolved issues from Task 3

step: 7. Integrate completed tasks into the product
response:
To integrate completed tasks into the product, the development engineer should follow these steps:

1. Assign a unique Task ID to each task.
2. Clearly state the Task Title or name.
3. Link each task to the Related User Story it corresponds to.
4. Provide a detailed Description of what needs to be done for each task.
5. List the Acceptance Criteria that must be met for each task to be considered complete.
6. Estimate the Effort required to complete each task.
7. Identify any Dependencies that may impact the completion of each task.

By structuring each task with the specified format and including all necessary details, the development engineer can effectively integrate completed tasks into the product based on the identified user stories and requirements.

step: 8. Ensure overall product functionality and quality
response:
Feature Name: User Authentication
Description: This feature allows users to securely log in to the product using their unique credentials.
Key Functionality: User authentication process, password encryption, account recovery options.
User Benefit: Ensures data security and privacy for users, providing a seamless and safe login experience.

Feature Name: In-App Messaging
Description: This feature enables users to communicate with each other within the product.
Key Functionality: Real-time messaging, message notifications, message history.
User Benefit: Facilitates easy and quick communication between users, enhancing collaboration and user engagement.

Feature Name: Data Visualization
Description: This feature presents data in a visual format for better understanding and analysis.
Key Functionality: Charts, graphs, customizable dashboards.
User Benefit: Helps users interpret complex data easily, making informed decisions and improving productivity.

Feature Name: Task Management
Description: This feature allows users to create, assign, and track tasks within the product.
Key Functionality: Task creation, assignment, status tracking, deadline setting.
User Benefit: Organizes workflow efficiently, improves task delegation, and enhances productivity.

Feature Name: Reporting and Analytics
Description: This feature provides users with insights and performance metrics based on their usage.
Key Functionality: Customizable reports, data analysis tools, performance tracking.
User Benefit: Enables users to track progress, identify trends, and make data-driven decisions for continuous improvement.

step: 9. Prepare for product release and deployment
response:
Task ID: 1
Task Title: Define Development Tasks for User Stories
Related User Story: All user stories related to the product release and deployment
Description: Identify and list out all the specific development tasks needed to implement each user story, including features and functionalities to be built.
Acceptance Criteria: Each user story has a corresponding list of development tasks that cover all necessary implementation details.
Estimated Effort: 2 days
Dependencies: None

Task ID: 2
Task Title: Conduct Testing
Related User Story: All user stories related to the product release and deployment
Description: Perform thorough testing to identify and resolve any bugs or issues in the product before release.
Acceptance Criteria: All identified bugs and issues are fixed and the product passes all test cases successfully.
Estimated Effort: 3 days
Dependencies: Task 1

Task ID: 3
Task Title: Create Documentation
Related User Story: All user stories related to the product release and deployment
Description: Develop user guides and release notes for the product to assist users in understanding and using the product effectively.
Acceptance Criteria: User guides and release notes are complete and accurate.
Estimated Effort: 1 day
Dependencies: None

Task ID: 4
Task Title: Coordinate with Operations Team
Related User Story: All user stories related to the product release and deployment
Description: Collaborate with the operations team to plan for deployment, including setting up servers and configuring environments.
Acceptance Criteria: Deployment plan is finalized and all necessary server setups and configurations are completed.
Estimated Effort: 2 days
Dependencies: Task 1

Task ID: 5
Task Title: Develop Rollout Plan
Related User Story: All user stories related to the product release and deployment
Description: Create a detailed plan for the rollout of the new product to ensure a smooth transition for users.
Acceptance Criteria: Rollout plan is comprehensive and covers all necessary steps for a successful deployment.
Estimated Effort: 1 day
Dependencies: Task 4

Task ID: 6
Task Title: Communicate with Stakeholders
Related User Story: All user stories related to the product release and deployment
Description: Inform stakeholders and users about the upcoming release and any changes they can expect.
Acceptance Criteria: Stakeholders and users are aware of the release and its impact on them.
Estimated Effort: 1 day
Dependencies: None

Task ID: 7
Task Title: Monitor Deployment Process
Related User Story: All user stories related to the product release and deployment
Description: Monitor the deployment process and address any issues that arise during the release.
Acceptance Criteria: Deployment process is monitored continuously and any issues are promptly resolved.
Estimated Effort: 2 days
Dependencies: Task 4

Task ID: 8
Task Title: Gather User Feedback
Related User Story: All user stories related to the product release and deployment
Description: Collect feedback from users post-release to identify areas for improvement or updates.
Acceptance Criteria: User feedback is gathered and analyzed for potential product enhancements.
Estimated Effort: 1 day
Dependencies: Task 7

2026-02-03 22:21:59 | agentic_workflow.py
------------------------------------------------------------


 FINAL RESPONSE:

step: 9. Prepare for product release and deployment
response:
Task ID: 1
Task Title: Define Development Tasks for User Stories
Related User Story: All user stories related to the product release and deployment
Description: Identify and list out all the specific development tasks needed to implement each user story, including features and functionalities to be built.
Acceptance Criteria: Each user story has a corresponding list of development tasks that cover all necessary implementation details.
Estimated Effort: 2 days
Dependencies: None

Task ID: 2
Task Title: Conduct Testing
Related User Story: All user stories related to the product release and deployment
Description: Perform thorough testing to identify and resolve any bugs or issues in the product before release.
Acceptance Criteria: All identified bugs and issues are fixed and the product passes all test cases successfully.
Estimated Effort: 3 days
Dependencies: Task 1

Task ID: 3
Task Title: Create Documentation
Related User Story: All user stories related to the product release and deployment
Description: Develop user guides and release notes for the product to assist users in understanding and using the product effectively.
Acceptance Criteria: User guides and release notes are complete and accurate.
Estimated Effort: 1 day
Dependencies: None

Task ID: 4
Task Title: Coordinate with Operations Team
Related User Story: All user stories related to the product release and deployment
Description: Collaborate with the operations team to plan for deployment, including setting up servers and configuring environments.
Acceptance Criteria: Deployment plan is finalized and all necessary server setups and configurations are completed.
Estimated Effort: 2 days
Dependencies: Task 1

Task ID: 5
Task Title: Develop Rollout Plan
Related User Story: All user stories related to the product release and deployment
Description: Create a detailed plan for the rollout of the new product to ensure a smooth transition for users.
Acceptance Criteria: Rollout plan is comprehensive and covers all necessary steps for a successful deployment.
Estimated Effort: 1 day
Dependencies: Task 4

Task ID: 6
Task Title: Communicate with Stakeholders
Related User Story: All user stories related to the product release and deployment
Description: Inform stakeholders and users about the upcoming release and any changes they can expect.
Acceptance Criteria: Stakeholders and users are aware of the release and its impact on them.
Estimated Effort: 1 day
Dependencies: None

Task ID: 7
Task Title: Monitor Deployment Process
Related User Story: All user stories related to the product release and deployment
Description: Monitor the deployment process and address any issues that arise during the release.
Acceptance Criteria: Deployment process is monitored continuously and any issues are promptly resolved.
Estimated Effort: 2 days
Dependencies: Task 4

Task ID: 8
Task Title: Gather User Feedback
Related User Story: All user stories related to the product release and deployment
Description: Collect feedback from users post-release to identify areas for improvement or updates.
Acceptance Criteria: User feedback is gathered and analyzed for potential product enhancements.
Estimated Effort: 1 day
Dependencies: Task 7

